	- Explicitly set the environment variable TOKENIZERS_PARALLELISM=(true | false)
huggingface/tokenizers: The current process just got forked, after parallelism has already been used. Disabling parallelism to avoid deadlocks...
To disable this warning, you can either:
	- Avoid using `tokenizers` before the fork if possible
	- Explicitly set the environment variable TOKENIZERS_PARALLELISM=(true | false)
huggingface/tokenizers: The current process just got forked, after parallelism has already been used. Disabling parallelism to avoid deadlocks...
To disable this warning, you can either:
	- Avoid using `tokenizers` before the fork if possible
	- Explicitly set the environment variable TOKENIZERS_PARALLELISM=(true | false)
huggingface/tokenizers: The current process just got forked, after parallelism has already been used. Disabling parallelism to avoid deadlocks...
To disable this warning, you can either:
	- Avoid using `tokenizers` before the fork if possible
	- Explicitly set the environment variable TOKENIZERS_PARALLELISM=(true | false)
huggingface/tokenizers: The current process just got forked, after parallelism has already been used. Disabling parallelism to avoid deadlocks...
To disable this warning, you can either:
	- Avoid using `tokenizers` before the fork if possible
	- Explicitly set the environment variable TOKENIZERS_PARALLELISM=(true | false)
huggingface/tokenizers: The current process just got forked, after parallelism has already been used. Disabling parallelism to avoid deadlocks...
To disable this warning, you can either:
	- Avoid using `tokenizers` before the fork if possible
	- Explicitly set the environment variable TOKENIZERS_PARALLELISM=(true | false)
huggingface/tokenizers: The current process just got forked, after parallelism has already been used. Disabling parallelism to avoid deadlocks...
To disable this warning, you can either:
	- Avoid using `tokenizers` before the fork if possible
	- Explicitly set the environment variable TOKENIZERS_PARALLELISM=(true | false)
huggingface/tokenizers: The current process just got forked, after parallelism has already been used. Disabling parallelism to avoid deadlocks...
To disable this warning, you can either:
	- Avoid using `tokenizers` before the fork if possible
	- Explicitly set the environment variable TOKENIZERS_PARALLELISM=(true | false)
huggingface/tokenizers: The current process just got forked, after parallelism has already been used. Disabling parallelism to avoid deadlocks...
To disable this warning, you can eithehuggingface/tokenizers: The current process just got forked, after parallelism has already been used. Disabling parallelism to avoid deadlocks...
To disable this warning, you can either:
	- Avoid using `tokenizers` before the fork if possible
	- Explicitly set the environment variable TOKENIZERS_PARALLELISM=(true | false)
huggingface/tokenizers: The current process just got forked, after parallelism has already been used. Disabling parallelism to avoid deadlocks...
To disable this warning, you can either:
	- Avoid using `tokenizers` before the fork if possible
	- Explicitly set the environment variable TOKENIZERS_PARALLELISM=(true | false)
huggingface/tokenizers: The current process just got forked, after parallelism has already been used. Disabling parallelism to avoid deadlocks...
To disable this warning, you can either:
	- Avoid using `tokenizers` before the fork if possible
	- Explicitly set the environment variable TOKENIZERS_PARALLELISM=(true | false)
huggingface/tokenizers: The current process just got forked, after parallelism has already been used. Disabling parallelism to avoid deadlocks...
To disable this warning, you can either:
	- Avoid using `tokenizers` before the fork if possible
	- Explicitly set the environment variable TOKENIZERS_PARALLELISM=(true | false)
huggingface/tokenizers: The current process just got forked, after parallelism has already been used. Disabling parallelism to avoid deadlocks...
To disable this warning, you can either:
	- Avoid using `tokenizers` before the fork if possible
	- Explicitly set the environment variable TOKENIZERS_PARALLELISM=(true | false)
huggingface/tokenizers: The current process just got forked, after parallelism has already been used. Disabling parallelism to avoid deadlocks...
To disable this warning, you can either:
	- Avoid using `tokenizers` before the fork if possible
	- Explicitly set the environment variable TOKENIZERS_PARALLELISM=(true | false)
huggingface/tokenizers: The current process just got forked, after parallelism has already been used. Disabling parallelism to avoid deadlocks...
To disable this warning, you can either:
	- Avoid using `tokenizers` before the fork if possible
	- Explicitly set the environment variable TOKENIZERS_PARALLELISM=(true | false)
huggingface/tokenizers: The current process just got forked, after parallelism has already been used. Disabling parallelism to avoid deadlocks...
To disable this warning, you can either:
	- Avoid using `tokenizers` before the fork if possible
	- Explicitly set the environment variable TOKENIZERS_PARALLELISM=(true | false)
huggingface/tokenizers: The current process just got forked, after parallelism has already been used. Disabling parallelism to avoid deadlocks...
To disable this warning, you can either:
	- Avoid using `tokenizers` before the fork if possible
	- Explicitly set the environment variable TOKENIZERS_PARALLELISM=(true | false)
huggingface/tokenizers: The current process just got forked, after parallelism has already been used. Disabling parallelism to avoid deadlocks...
To disable this warning, you can either:
	- Avoid using `tokenizers` before the fork if possible
	- Explicitly set the environment variable TOKENIZERS_PARALLELISM=(true | false)
huggingface/tokenizers: The current process just got forked, after parallelism has already been used. Disabling parallelism to avoid deadlocks...
To disable this warning, you can either:
	- Avoid using `tokenizers` before the fork if possible
	- Explicitly set the environment variable TOKENIZERS_PARALLELISM=(true | false)
Token indices sequence length is longer than the specified maximum sequence length for this model (14992 > 14000). Running this sequence thrhuggingface/tokenizers: The current process just got forked, after parallelism has already been used. Disabling parallelism to avoid deadlocks...
To disable this warning, you can either:
	- Avoid using `tokenizers` before the fork if possible
	- Explicitly set the environment variable TOKENIZERS_PARALLELISM=(true | false)
huggingface/tokenizers: The current process just got forked, after parallelism has already been used. Disabling parallelism to avoid deadlocks...
To disable this warning, you can either:
	- Avoid using `tokenizers` before the fork if possible
	- Explicitly set the environment variable TOKENIZERS_PARALLELISM=(true | false)
Token indices sequence length is longer than the specified maximum sequence length for this model (19842 > 14000). Running this sequence through the model will result in indexing errors
huggingface/tokenizers: The current process just got forked, after parallelism has already been used. Disabling parallelism to avoid deadlocks...
To disable this warning, you can either:
	- Avoid using `tokenizers` before the fohuggingface/tokenizers: The current process just got forked, after parallelism has already been used. Disabling parallelism to avoid deadlocks...
To disable this warning, you can either:
	- Avoid using `tokenizers` before the fork if possible
	- Explicitly set the environment varToken indices sequence length is longer than the specified maximum sequence length for this model (14927 > 14000). Running this sequence through the model will result in indexing errors
huggingface/tokenizers: The current process just got forked, after parallelism has already been used. Disabling parallelism to avoid deadlocks...
To disable this warning, you can either:
	- Avoid using `tokenizers` before the fork if possible
	- Explicitly set the environment variable TOKENIZERS_PARALLELISM=(true | false)
Token indices sequence length is longer than the specified maximum sequence length for this model (14556 > 14000). Running this sequence through the model will result in indexing errors
Token indices sequence length is longer than the specified maximum sequence length for this model (18643 > 14000). Running this sequence through the model will result in indexing errors
Token indices sequence length is longer than the specified maximum sequence length for this model (14374 > 14000). Running this sequence through the model will result in indexing errors
Token indices sequence length is longer than the specified maximum sequence length for this model (16409 > 14000). Running this sequenToken indices sequence length is longer than the speSH-IDC1-10-140-24-88:3107:3107 [6] NCCL INFO Comm config Blocking set to 1
SH-IDC1-10-140-24-88:3107:31368 [6] NCCL INFO Using non-device net plugin version 0
SH-IDC1-10-140-24-88:3107:31368 [6] NCCL INFO Using network IB
SH-IDC1-10-140-24-88:3101:3101 [0] NCCL INFO Comm config Blocking set to 1
SH-IDC1-10-140-24-88:3104:3104 [3] NCCL INFO Comm config Blocking set to 1
SH-IDC1-10-140-24-88:3106:3106 [5] NCCL INFO Comm config Blocking set to 1
SH-IDC1-10-140-24-88:3105:3105 [4] NCCL INFO Comm config Blocking set to 1
SH-IDC1-10-140-24-88:3103:3103 [2] NCCL INFO Comm config Blocking set to 1
SH-IDC1-10-140-24-88:3104:31370 [3] NCCL INFO Using non-device net plugin version 0
SH-IDC1-10-140-24-88:3104:31370 [3] NCCL INFO Using network IB
SH-IDC1-10-140-24-88:3101:31369 [0] NCCL INFO Using non-device net plugin version 0
SH-IDC1-10-140-24-8SH-IDC1-10-140-24-135:50683:50683 [7] NCCL INFO Comm config Blocking set to 1
SH-IDC1-10-140-24-135:50680:50680 [4] NCCL INFO Comm config Blocking set to 1
SH-IDC1-10-140-24-135:50676:50676 [0] NCCL INFO Comm config Blocking set to 1
SH-IDC1-10-140-24-135:50678:50678 [2] NCCL INFO Comm config Blocking set to 1
SH-IDC1-10-140-24-135:50683:81228 [7] NCCL INFO Using non-device net plugin version 0
SH-IDC1-10-140-24-135:50683:81228 [7] NCCL INFO Using network IB
SH-IDC1-10-140-24-135:50680:81229 [4] NCCL INFO Using non-device net plugin version 0
SH-IDC1-10-140-24-135:50680:81229 [4] NCCL INFO Using network IB
SH-IDC1-10-140-24-135:50676:81230 [0] NCCL INFO Using non-device net plugin version 0
SH-IDC1-10-140-24-135:50676:81230 [0] NCCL INFO Using network IB
SH-IDC1-10-140-24-135:50678:81231 [2] NCCL INFO Using non-device net plugin version 0
SH-IDC1-10-140-24-135:50678:81231 [2] NCCL INFO Using network IB
SH-IDC1-10-140-24-135:50682:50682 [6] NCCL INFO Comm config Blocking set to 1
SH-IDC1-10-140-24-135:50682:81232 [6] NCCL INFO Using non-device net plugin version 0
SH-IDC1-10-140-24-135:50682:81232 [6] NCCL INFO Using network IB
SH-IDC1-10-140-24-135:50681:50681 [5] NCCL INFO Comm config Blocking set to 1
SH-IDC1-10-140-24-135:50681:81233 [5] NCCL INFO Using non-device net plugin version 0
SH-IDC1-10-140-24-135:50681:81233 [5] NCCL INFO Using network IB
SH-IDC1-10-140-24-135:50677:50677 [1] NCCL INFO Comm config Blocking set to 1
SH-IDC1-10-140-24-135:50677:81234 [1] NCCL INFO Using non-device net plugin version 0
SH-IDC1-10-140-24-135:50677:81234 [1] NCCL INFO Using network IB
SH-IDC1-10-140-24-135:50679:50679 [3] NCCL INFO Comm config Blocking set to 1
SH-IDC1-10-140-24-135:50679:81235 [3] NCCL INFO Using non-device net plugin version 0
SH-IDC1-10-140-24-135:50679:81235 [3] NCCL INFO Using network IB
SH-IDC1-10-140-24-135:50677:81234 [1] NCCL INFO ncclCommInitRank comm 0x7f13ff5319c0 rank 57 nranks 64 cudaDev 1 nvmlDev 1 busId 2c000 commId 0xb1c1be50d9e68605 - Init START
SH-IDC1-10-140-24-135:50683:81228 [7] NCCL INFO ncclCommInitRank comm 0x7f1155d60d00 rank 63 nranks 64 cudaDev 7 nvmlDev 7 busId e7000 commId 0xb1c1be50d9e68605 - Init START
SH-IDC1-10-140-24-135:50676:81230 [0] NCCL INFO ncclCommInitRank comm 0x7f4047f4e730 rank 56 nranks 64 cudaDev 0 nvmlDev 0 busId 26000 commId 0xb1c1be50d9e68605 - Init START
SH-IDC1-10-140-24-135:50680:81229 [4] NCCL INFO ncclCommInitRank comm 0x7f37e4381390 rank 60 nranks 64 cudaDev 4 nvmlDev 4 busId a3000 commId 0xb1c1be50d9e68605 - Init START
SH-IDC1-10-140-24-135:50682:81232 [6] NCCL INFO ncclCommInitRank comm 0x7f1e473430c0 rank 62 nranks 64 cudaDev 6 nvmlDev 6 busId e1000 commId 0xb1c1be50d9e68605 - Init START
SH-IDC1-10-140-24-135:50678:81231 [2] NCCL INFO ncclCommInitRank comm 0x7efbbb321140 rank 58 nranks 64 cudaDev 2 nvmlDev 2 busId 65000 commId 0xb1c1be50d9e68605 - Init START
SH-IDC1-10-140-24-135:50681:81233 [5] NCCL INFO ncclCommInitRank comm 0x7f32afd1f140 rank 61 nranks 64 cudaDev 5 nvmlDev 5 busId a8000 commId 0xb1c1be50d9e68605 - Init START
SH-IDC1-10-140-24-135:50679:81235 [3] NCCL INFO ncclCommInitRank comm 0x7efeb6000c80 rank 59 nranks 64 cudaDev 3 nvmlDev 3 busId 6a000 commId 0xb1c1be50d9e68605 - Init START
SH-IDC1-10-140-24-135:50681:81233 [5] NCCL INFO Setting affinity for GPU 5 to ffffffff,ffffffffSH-IDC1-10-140-24-133:107813:139556 [6] NCCL INFO Setting affinity for GPU 6 to ffffffff,ffffffff,00000000,00000000,ffffffff,ffffffff,00000000,00000000
SH-IDC1-10-140-24-133:107813:139556 [6] NCCL INFO NVLS multicast support is not available on dev 6
SH-IDC1-10-140-24-133:107807:139555 [0] NCCL INFO Setting affinity for GPU 0 to ffffffff,ffffffff,00000000,00000000,ffffffSH-IDC1-10-140-24-111:31936:62731 [5] NCCL INFO Setting affinity for GPU 5 to ffffffff,ffffffff,00000000,00000000,ffffffff,ffffffff,00000000,00000000
SH-IDC1-10-140-24-111:31936:62731 [5] NCCL INFO NVLS multicast support is not available on dev 5
SH-IDC1-10-140-24-111:31938:62730 [7] NCCL INFO Setting affinity for GPU 7 to ffffffff,ffffffff,00000000,00000000,ffffffff,ffffffff,00000000,00000000
SH-IDC1-10-140-24-111:31938:62730 [7] NCCL INFO NVLS multicast support is not available on dev 7
SH-IDC1-10-140-24-111:31931:62727 [0] NCCL INFO Setting affinity for GPU 0 to ffffffff,ffffffff,00000000,00000000,ffffffff,ffffffff
SH-IDC1-10-140-24-111:31931:62727 [0] NCCL INFO NVLS multicast support is not available on dev 0
SH-IDC1-10-140-24-111:31931:62727 [0] NCCL INFO comm 0x7f5e74fec3b0 rank 32 nRanks 64 nNodes 8 localRanks 8 localRank 0 MNNVL 0
SH-IDC1-10-140-24-111:31938:62730 [7] NCCL INFO comm 0x7fcd5b5c7460 rank 39 nRanks 64 nNodes 8 localRanks 8 localRank 7 MNNVL 0
SH-IDC1-10-140-24-111:31937:62732 [6] NCCL INFO comm 0x7fa493cb3740 rank 38 nRanks 64 nNodes 8 localRanks 8 localRank 6 MNNVL 0
SH-IDC1-10-140-24-111:31935:62729 [4] NCCL INFO comm 0x7fbd3e9c2f40 rank 36 nRanks 64 nNodes 8 localRanks 8 localRank 4 MNNVL 0
SH-IDC1-10-140-24-111:31934:62733 [3] NCCL INFO comm 0x7f8d49c4f7e0 rank 35 nRanks 64 nNodes 8 localRanks 8 localRank 3 MNNVL 0
SH-IDC1-10-140-24-111:31933:62726 [2] NCCL INFO comm 0x7f773e6f89e0 rank 34 nRanks 64 nNodes 8 localRanks 8 localRank 2 MNNVL 0
SH-IDC1-10-140-24-111:31932:62728 [1] NCCL INFO comm 0x7f88ddcc5e00 rank 33 nRanks 64 nNodes 8 localRanks 8 localRank 1 MNNVL 0
SH-IDC1-10-140-24-111:31936:62731 [5] NCCL INFO comm 0x7f771ffbf600 rank 37 nRanks 64 nNodes 8 localRanks 8 localRank 5 MNNVL 0
SH-IDC1-10-140-24-111:31931:62727 [0] NCCL INFO Trees [0] 33/48/-1->32->0 [1] 33/-1/-1->32->40
SH-IDC1-10-140-24-111:31931:62727 [0] NCCL INFO P2P Chunksize set to 131072
SH-IDC1-10-140-24-111:31933:62726 [2] NCCL INFO Trees [0] 35/-1/-1->34->33 [1] 35/-1/-1->34->33
SH-IDC1-10-140-24-111:31933:62726 [2] NCCL INFO P2P Chunksize set to 131072
SH-IDC1-10-140-24-111:31937:62732 [6] NCCL INFO Trees [0] 39/-1/-1->38->37 [1] 39/-1/-1->38->37
SH-IDC1-10-140-24-111:31935:62729 [4] NCCL INFO Trees [0] 37/-1/-1->36->35 [1] 37/-1/-1->36->35
SH-IDC1-10-140-24-111:31934:62733 [3] NCCL INFO Trees [0] 36/-1/-1->35->34 [1] 36/-1/-1->35->34
SH-IDC1-10-140-24-111:31937:62732 [6] NCCL INFO P2P Chunksize set to 131072
SH-IDC1-10-140-24-111:31935:62729 [4] NCCL INFO P2P Chunksize set to 131072
SH-IDC1-10-140-24-111:31934:62733 [3] NCCL INFO P2P Chunksize set to 131072
SH-IDC1-10-140-24-111:31932:62728 [1] NCCL INFO Trees [0] 34/16/-1->33->32 [1] 34/-1/-1->33->32
SH-IDC1-10-140-24-111:31932:62728 [1] NCCL INFO P2P Chunksize set to 131072
SH-IDC1-10-140-24-111:31936:62731 [5] NCCL INFO Trees [0] 38/-1/-1->37->36 [1] 38/-1/-1->37->36
SH-IDC1-10-140-24-111:31936:62731 [5] NCCL INFO P2P Chunksize set to 131072
SH-IDC1-10-140-24-111:31938:62730 [7] NCCL INFO Trees [0] -1/-1/-1->39->38 [1] -1/-1/-1->39->38
SH-IDC1-10-140-24-111:31938:62730 [7] NCCL INFO P2P Chunksize set to 131072
SH-IDC1-10-140-24-111:31933:62726 [2] NCCL INFO Channel 00/0 : 34[2] -> 33[1] via P2P/CUMEM/read
SH-IDC1-10-140-24-111:31937:62732 [6] NCCL INFO Channel 00/0 : 38[6] -> 37[5] via P2P/CUMEM/read
SH-IDC1-10-140-24-111:31933:62726 [2] NCCL INFO Channel 01/0 : 34[2] -> 33[1] via P2P/CUMEM/read
SH-IDC1-10-140-24-111:31937:62732 [6] NCCL INFO Channel 01/0 : 38[6] -> 37[5] via P2P/CUMEM/read
SH-IDC1-10-140-24-111:31936:62731 [5] NCCL INFO Channel 00/0 : 37[5] -> 36[4] via P2P/CUMEM/read
SH-IDC1-10-140-24-111:31932:62728 [1] NCCL INFO Channel 00/0 : 33[1] -> 40[0] [send] via NET/IB/0/GDRDMA
SH-IDC1-10-140-24-111:31932:62728 [1] NCCL INFO Channel 01/0 : 33[1] -> 40[0] [send] via NET/IB/0/GDRDMA
SH-IDC1-10-140-24-111:31931:62727 [0] NCCL INFO Channel 00/0 : 25[1] -> 32[0] [receive] via NET/IB/0/GDRDMA
SH-IDC1-10-140-24-111:31936:62731 [5] NCCL INFO Channel 01/0 : 37[5] -> 36[4] via P2P/CUMEM/read
SH-IDC1-10-140-24-111:31931:62727 [0] NCCL INFO Channel 01/0 : 25[1] -> 32[0] [receive] via NET/IB/0/GDRDMA
SH-IDC1-10-140-24-111:31931:62727 [0] NCCL INFO Channel 00/0 : 32[0] -> 39[7] via P2P/CUMEM/read
SH-IDC1-10-140-24-111:31934:62733 [3] NCCL INFO Channel 00/0 : 35[3] -> 34[2] via P2P/CUMEM/read
SH-IDC1-10-140-24-111:31931:62727 [0] NCCL INFO Channel 01/0 : 32[0] -> 39[7] via P2P/CUMEM/read
SH-IDC1-10-140-24-111:31934:62733 [3] NCCL INFO Channel 01/0 : 35[3] -> 34[2] via P2P/CUMEM/read
SH-IDC1-10-140-24-111:31935:62729 [4] NCCL INFO Channel 00/0 : 36[4] -> 35[3] via P2P/CUMEM/read
SH-IDC1-10-140-24-111:31935:62729 [4] NCCL INFO Channel 01/0 : 36[4] -> 35[3] via P2P/CUMEM/read
SH-IDC1-10-140-24-111:31938:62730 [7] NCCL INFO Channel 00/0 : 39[7] -> 38[6] via P2P/CUMEM/read
SH-IDC1-10-140-24-111:31938:62730 [7] NCCL INFO Channel 01/0 : 39[7] -> 38[6] via P2P/CUMEM/read
SH-IDC1-10-140-24-111:31932:62728 [1] NCCL INFO Connected all rings
SH-IDC1-10-140-24-111:31932:62728 [1] NCCL INFO Channel 00/0 : 33[1] -> 34[2] via P2P/CUMEM/read
SH-IDC1-10-140-24-111:31932:62728 [1] NCCL INFO Channel 01/0 : 33[1] -> 34[2] via P2P/CUMEM/read
SH-IDC1-10-140-24-111:31931:62727 [0] NCCL INFO Connected all rings
SH-IDC1-10-140-24-111:31931:62727 [0] NCCL INFO Channel 00/0 : 32[0] -> 33[1] via P2P/CUMEM/read
SH-IDC1-10-140-24-111:31931:62727 [0] NCCL INFO Channel 01/0 : 32[0] -> 33[1] via P2P/CUMEM/read
SH-IDC1-10-140-24-111:31931:62727 [0] NCCL INFO Channel 01/0 : 32[0] -> 40[0] [send] via NET/IB/0/GDRDMA
SH-IDC1-10-140-24-111:31936:62731 [5] NCCL INFO Connected all rings
SH-IDC1-10-140-24-111:31938:62730 [7] NCCL INFO Connected all rings
SH-IDC1-10-140-24-111:31937:62732 [6] NCCL INFO Connected all rings
SH-IDC1-10-140-24-111:31936:62731 [5] NCCL INFO Channel 00/0 : 37[5] -> 38[6] via P2P/CUMEM/read
SH-IDC1-10-140-24-111:31937:62732 [6] NCCL INFO Channel 00/0 : 38[6] -> 39[7] via P2P/CUMEM/read
SH-IDC1-10-140-24-111:31936:62731 [5] NCCL INFO Channel 01/0 : 37[5] -> 38[6] via P2P/CUMEM/read
SH-IDC1-10-140-24-111:31937:62732 [6] NCCL INFO Channel 01/0 : 38[6] -> 39[7] via P2P/CUMEM/read
SH-IDC1-10-140-24-111:31938:62730 [7] NCCL INFO Connected all trees
SH-IDC1-10-140-24-111:31938:62730 [7] NCCL INFO threadThresholds 8/8/64 | 512/8/64 | 512 | 512
SH-IDC1-10-140-24-111:31938:62730 [7] NCCL INFO 2 coll channels, 2 collnet channels, 0 nvls channels, 2 p2p channels, 1 p2p channels per peer
SH-IDC1-10-140-24-111:31931:62727 [0] NCCL INFO Channel 00/0 : 32[0] -> 48[0] [send] via NET/IB/0/GDRDMA
SH-IDC1-10-140-24-111:31933:62726 [2] NCCL INFO Connected all rings
SH-IDC1-10-140-24-111:31934:62733 [3] NCCL INFO Connected all rings
SH-IDC1-10-140-24-111:31935:62729 [4] NCCL INFO Connected all rings
SH-IDC1-10-140-24-111:31934:62733 [3] NCCL INFO Channel 00/0 : 35[3] -> 36[4] via P2P/CUMEM/read
SH-IDC1-10-140-24-111:31933:62726 [2] NCCL INFO Channel 00/0 : 34[2] -> 35[3] via P2P/CUMEM/read
SH-IDC1-10-140-24-111:31935:62729 [4] NCCL INFO Channel 00/0 : 36[4] -> 37[5] via P2P/CUMEM/read
SH-IDC1-10-140-24-111:31935:62729 [4] NCCL INFO Channel 01/0 : 36[4] -> 37[5] via P2P/CUMEM/read
SH-IDC1-10-140-24-111:31933:62726 [2] NCCL INFO Channel 01/0 : 34[2] -> 35[3] via P2P/CUMEM/read
SH-IDC1-10-140-24-111:31934:62733 [3] NCCL INFO Channel 01/0 : 35[3] -> 36[4] via P2P/CUMEM/read
SH-IDC1-10-140-24-111:31932:62728 [1] NCCL INFO Channel 00/0 : 16[0] -> 33[1] [receive] via NET/IB/0/GDRDMA
SH-IDC1-10-140-24-111:31937:62732 [6] NCCL INFO Connected all trees
SH-IDC1-10-140-24-111:31937:62732 [6] NCCL INFO threadThresholds 8/8/64 | 512/8/64 | 512 | 512
SH-IDC1-10-140-24-111:31937:62732 [6] NCCL INFO 2 coll channels, 2 collnet channels, 0 nvls channels, 2 p2p channels, 1 p2p channels per peer
SH-IDC1-10-140-24-111:31936:62731 [5] NCCL INFO Connected all trees
SH-IDC1-10-140-24-111:31936:62731 [5] NCCL INFO threadThresholds 8/8/64 | 512/8/64 | 512 | 512
SH-IDC1-10-140-24-111:31936:62731 [5] NCCL INFO 2 coll channels, 2 collnet channels, 0 nvls channels, 2 p2p channels, 1 p2p channels per peer
SH-IDC1-10-140-24-111:31935:62729 [4] NCCL INFO Connected all trees
SH-IDC1-10-140-24-111:31935:62729 [4] NCCL INFO threadThresholds 8/8/64 | 512/8/64 | 512 | 512
SH-IDC1-10-140-24-111:31935:62729 [4] NCCL INFO 2 coll channels, 2 collnet channels, 0 nvls channels, 2 p2p channels, 1 p2p channels per peer
SH-IDC1-10-140-24-111:31934:62733 [3] NCCL INFO Connected all trees
SH-IDC1-10-140-24-111:31934:62733 [3] NCCL INFO threadThresholds 8/8/64 | 512/8/64 | 512 | 512
SH-IDC1-10-140-24-111:31934:62733 [3] NCCL INFO 2 coll channels, 2 collnet channels, 0 nvls channels, 2 p2p channels, 1 p2p channels per peer
SH-IDC1-10-140-24-111:31931:62727 [0] NCCL INFO Channel 00/0 : 0[0] -> 32[0] [receive] via NET/IB/0/GDRDMA
SH-IDC1-10-140-24-111:31931:62727 [0] NCCL INFO Channel 00/0 : 32[0] -> 0[0] [send] via NET/IB/0/GDRDMA
SH-IDC1-10-140-24-111:31932:62728 [1] NCCL INFO Channel 00/0 : 33[1] -> 16[0] [send] via NET/IB/0/GDRDMA
SH-IDC1-10-140-24-111:31932:62728 [1] NCCL INFO Channel 00/0 : 33[1] -> 32[0] via P2P/CUMEM/read
SH-IDC1-10-140-24-111:31932:62728 [1] NCCL INFO Channel 01/0 : 33[1] -> 32[0] via P2P/CUMEM/read
SH-IDC1-10-140-24-111:31931:62727 [0] NCCL INFO Channel 00/0 : 48[0] -> 32[0] [receive] via NET/IB/0/GDRDMA
SH-IDC1-10-140-24-111:31931:62727 [0] NCCL INFO Channel 01/0 : 40[0] -> 32[0] [receive] via NET/IB/0/GDRDMA
SH-IDC1-10-140-24-111:31933:62726 [2] NCCL INFO Connected all trees
SH-IDC1-10-140-24-111:31933:62726 [2] NCCL INFO threadThresholds 8/8/64 | 512/8/64 | 512 | 512
SH-IDC1-10-140-24-111:31933:62726 [2] NCCL INFO 2 coll channels, 2 collnet channels, 0 nvls channels, 2 p2p channels, 1 p2p channels per peer
SH-IDC1-10-140-24-111:31931:62727 [0] NCCL INFO Connected all trees
SH-IDC1-10-140-24-111:31932:62728 [1] NCCL INFO Connected all trees
SH-IDC1-10-140-24-111:31932:62728 [1] NCCL INFO threadThresholds 8/8/64 | 512/8/64 | 512 | 512
SH-IDC1-10-140-24-111:31932:62728 [1] NCCL INFO 2 coll channels, 2 collnet channels, 0 nvls channels, 2 p2p channels, 1 p2p channels per peer
SH-IDC1-10-140-24-111:31931:62727 [0] NCCL INFO threadThresholds 8/8/64 | 512/8/64 | 512 | 512
SH-IDC1-10-140-24-111:31931:62727 [0] NCCL INFO 2 coll channels, 2 collnet channels, 0 nvls channels, 2 p2p channels, 1 p2p channels per peer
SH-IDC1-10-140-24-111:31932:62728 [1] NCCL INFO ncclCommInitRank comm 0x7f88ddcc5e00 rank 33 nranks 64 cudaDev 1 nvmlDev 1 busId 2c000 commId 0xb1c1be50d9e68605 - Init COMPLETE
SH-IDC1-10-140-24-111:31934:62733 [3] NCCL INFO ncclCommInitRank comm 0x7f8d49c4f7e0 rank 35 nranks 64 cudaDev 3 nvmlDev 3 busId 6a000 commId 0xb1c1be50d9e68605 - Init COMPLETE
SH-IDC1-10-140-24-111:31938:62730 [7] NCCL INFO ncclCommInitRank comm 0x7fcd5b5c7460 rank 39 nranks 64 cudaDev 7 nvmlDev 7 busId e7000 commId 0xb1c1be50d9e68605 - Init COMPLETE
SH-IDC1-10-140-24-111:31936:62731 [5] NCCL INFO ncclCommInitRank comm 0x7f771ffbf600 rank 37 nranks 64 cudaDev 5 nvmlDev 5 busId a8000 commId 0xb1c1be50d9e68605 - Init COMPLETE
SH-IDC1-10-140-24-111:31933:62726 [2] NCCL INFO ncclCommInitRank comm 0x7f773e6f89e0 rank 34 nranks 64 cudaDev 2 nvmlDev 2 busId 65000 commId 0xb1c1be50d9e68605 - Init COMPLETE
SH-IDC1-10-140-24-111:31935:62729 [4] NCCL INFO ncclCommInitRank comm 0x7fbd3e9c2f40 rank 36 nranks 64 cudaDev 4 nvmlDev 4 busId a3000 commId 0xb1c1be50d9e68605 - Init COMPLETE
SH-IDC1-10-140-24-111:31931:62727 [0] NCCL INFO ncclCommInitRank comm 0x7f5e74fec3b0 rank 32 nranks 64 cudaDev 0 nvmlDev 0 busId 26000 commId 0xb1c1be50d9e68605 - IniToken indices sequence length is longer than the specified maximum sequence length for this model (17910 > 14000). Running this sequence through the model will result in indexing errors
Token indices sequence length is longer than the specified maximum sequence length for this model (14963 > 14000). Running this sequence through the model will result in indexing errors
Token indices sequence length is longer than the specified maximum sequence length for this model (14345 > 14000). Running this sequence through the model will result in indexing errors
Toimage from image_id mineru:s3://doc-parse-huawei/mineru2/distortion/0430/shadow/HME_Dataset_v4/train/mathwritting_synthetic_016e07d1af4e3b3f.png loaded success
image from image_id mineru:s3://doc-parse-huawei/mineru2/distortion/0430/shadow/HME_Dataset_v4/train/mathwritting_synthetic_ac7ad0ef037c1baa.png loaded success
ToToken indices sequence length is longer than theToken indices sequence length is longer than the specified maximum sequence length for this model (15864 > 14000). Running this sequence tToken indices sequence length is longer than the specified maximum sequence length for this model (14378 > 14000). Running this sequence through the model will result in indexing errors
Token indices sequence length is longer than the specified maximum sequence length for this model (16140 > 14000). Running this sequence through the model will result in indexing errors
Token indices sequence length is longer than the specified maximum sequence length for this model (14490 > 14000). Running this sequence through the model will result in indexing errors
Token indices sequence length is longer than the specified maximum sequence length for this model (19857 > 14000). Running this sequence through the model will result in indexing errors
Token indices sequence length is longer than the specified maximum sequence length for this model (14018 > 14000). Running this sequence through the model will result in indexing errorToken indices sequence length is longer than the specified maximum sequence length for this model (14102 > 14000). Running this sequence through the model will result in indexing errors
ToToken indices sequence length is longer than the specified maximum sequence length for this model (14910 > 14000). Running this sequence through the model will result in indexing errors
Token indices sequence length is longer than the specified maximum sequence length for this model (14448 > 14000). Running this sequence through the model will result in indexing errors
Token indices sequence length is longer than the specified maximum sequence length for this model (15518 > 14000). Running this sequence through the model will result in indexing errors
Token indices sequence length is longer than the specified maximum sequence length for this model (17007 > 14000). Running this sequence through the model will result in indexing errors
Token indices sequence length is longer than the specified maximum sequence length for this model (16095 > 14000). Running this sequence through the model will result in indexing errors
Token indices sequence length is longer than the specified maximum sequence length for this model (16315 > 14000). Running this sequence through the model will result in indexing errors
Token indices sequence length is longer than the specified maximum sequence length for this model (14617 > 14000). Running this sequence through the model will result in indexing errors
Token indices sequence length is longer than the specified maximum sequence length for this model (20017 > 14000). Running this sequence through the model will result in indexing errors
Token indices sequence length is longer than the specified maximum sequence length for this model (16428 > 14000). Running thiToken indices sequence length is longer than the specified mToken indices sequence length is longer than the specified maximum sequence length for thisToken indices sequence length is longer than the specified maximum sequence length for this model (16080 > 14000). Running this sequence througToken indices sequence length is longer than the specified maximum sequence length for this model (14352 > 14000). Running this sequence through the model will result in indexing errors
h the model will result in indexing errors
ndexing errors
image from image_id mineru:s3://doc-parse-huawei/mineru2/distortion/0430/shadow/HME_Dataset_v4/train/mathwritting_synthetic_3b337b721fbdb730.png loaded success
equence length is longer than the specified maximum sequence length for this model (14212 > 14000). Running this sequence through the model will result in indexing errors
Token indices sequence length is longer than the specified maximum sequence length for this model (14928 > 14000). Running this sequence through the model will result in indexing errors
Token indices sequence length is longer than the specified maximum sequence length for this model (15850 > 14000). Running this sequence through the model will result in indexing errors
Token indices sequence length is longer than the specified maximum sequence length for this model (15446 > 14000). Running this sequence through the model will result in indexing errors
image from image_id mineru:s3://doc-parse-huawei/mineru2/distortion/0430/shadow/HME_Dataset_v4/train/mathwritting_synthetic_dce63a4a7243b8b0.png loaded success
Token indices sequence length is longer than the specified maximum sequence length for this model (15029 > 14000). Running this sequence through the model will result in indexing errors
Token indices sequence length is longer than the specified maximum sequence length for this model (14664 > 14000). Running this sequence through the model will result in indexing errors
th is longer than the specified maximum sequence length for this model (15909 > 14000). Running this sequence through the model will result in indexing errors
Token indices sequence length is longer than the specified maximum sequence length for this model (14778 > 14000). Running this sequence through the model will result in indexing errors
Token indices sequence length is longer than the specified maximum sequence length for this model (20046 > 14000). Running this sequence through the model will result in indexing errors
Token indices sequence length is longer than the specified maximum sequence length for this model (15477 > 14000). Running this sequence through the model will result in indexing errors
 deadlocks...
To disable this warning, you can either:
	- Avoid using `tokenizers` before the fork if possible
	- Explicitly set the environment variable TOKENIZERS_PARALLELISM=(true | false)
huggingface/tokenizers: The current process just got forked, after parallelism has already been used. Disabling parallelism to avoid deadlocks...
To disable this warning, you can either:
	- Avoid using `tokenizers` before the fork if possible
	- Explicitly set the environment variable TOKENIZERS_PARALLELISM=(true | false)
huggingface/tokenizers: The current process just got forked, after parallelism has already been used. Disabling parallelism to avoid deadlocks...
To disable this warning, you can either:
	- Avoid using `tokenizers` before the fork if possible
	- Explicitly set the environment variable TOKENIZERS_PARALLELISM=(true | false)
Token indices sequence length is longer than the specified maximum sequence length for this model (18876 > 14000). Running this sequence through the model will result in indexing errors
Rank 0:  num_images_all:2
Rank 0:  **************** max_len: 997 ***********************
Token indices sequence length is longer than the specified maximum sequence length for this model (14697 > 14000). Running this sequence through the model will result in indexing errors
  0%|          | 1/101178 [01:02<1761:56:12, 62.69s/it]SH-IDC1-10-140-24-26:230405:230405 [0] NCCL INFO Comm config Blocking set to 1
SH-IDC1-10-140-24-26:230411:230411 [5] NCCL INFO Comm config Blocking set to 1
SH-IDC1-10-140-24-26:230412:230412 [6] NCCL INFO Comm config Blocking set to 1
SH-IDC1-10-140-24-26:230410:230410 [4] NCCL INFO Comm config Blocking set to 1
SH-IDC1-10-140-24-26:230407:230407 [1] NCCL INFO Comm config Blocking set to 1
SH-IDC1-10-140-24-26:230405:261258 [0] NCCL INFO Using non-device net plugin version 0
SH-IDC1-10-140-24-26:230405:261258 [0] NCCL INFO Using network IB
SH-IDC1-10-140-24-26:230412:261259 [6] NCCL INFO Using non-device net plugin version 0
SH-IDC1-10-140-24-26:230412:261259 [6] NCCL INFO Using network IB
SH-IDC1-10-140-24-26:230411:261260 [5] NCCL INFO Using non-device net plugin version 0
SH-IDC1-10-140-24-26:230411:261260 [5] NCCL INFO Using network IB
SH-IDC1-10-140-24-26:230407:261262 [1] NCCL INFO Using non-device net plugin version 0
SH-IDC1-10-140-24-26:230407:261262 [1] NCCL INFO Using network IB
SH-IDC1-10-140-24-26:230410:261261 [4] NCCL INFO Using non-device net plugin version 0
SH-IDC1-10-140-24-26:230410:261261 [4] NCCL INFO Using network IB
SH-IDC1-10-140-24-26:230408:230408 [2] NCCL INFO Comm config Blocking set to 1
SH-IDC1-10-140-24-26:230408:261263 [2] NCCL INFO Using non-device net plugin version 0
SH-IDC1-10-140-24-26:230408:261263 [2] NCCL INFO Using network IB
SH-IDC1-10-140-24-26:230413:230413 [7] NCCL INFO Comm config Blocking set to 1
SH-IDC1-10-140-24-26:230413:261264 [7] NCCL INFO Using non-device net plugin version 0
SH-IDC1-10-140-24-26:230413:261264 [7] NCCL INFO Using network IB
SH-IDC1-10-140-24-26:230409:230409 [3] NCCL INFO Comm config Blocking set to 1
SH-IDC1-10-140-24-26:230409:261265 [3] NCCL INFO Using non-device net plugin version 0
SH-IDC1-10-140-24-26:230409:261265 [3] NCCL INFO Using network IB
SH-IDC1-10-140-24-26:230412:261259 [6] NCCL INFO ncclCommInitRank comm 0x7f17a42a2b90 rank 6 nranks 64 cudaDev 6 nvmlDev 6 busId e1000 commId 0xb1c1be50d9e68605 - Init START
SH-IDC1-10-140-24-26:230413:261264 [7] NCCL INFO ncclCommInitRank comm 0x7f932a870a90 rank 7 nranks 64 cudaDev 7 nvmlDev 7 busId e7000 commId 0xb1c1be50d9e68605 - Init START
SH-IDC1-10-140-24-26:230410:261261 [4] NCCL INFO ncclCommInitRank comm 0x7f7041bc0f30 rank 4 nranks 64 cudaDev 4 nvmlDev 4 busId a3000 commId 0xb1c1be50d9e68605 - Init START
SH-IDC1-10-140-24-26:230411:261260 [5] NCCL INFO ncclCommInitRank comm 0x7f9a2e3abdf0 rank 5 nranks 64 cudaDev 5 nvmlDev 5 busId a8000 commId 0xb1c1be50d9e68605 - Init START
SH-IDC1-10-140-24-26:230409:261265 [3] NCCL INFO ncclCommInitRank comm 0x7fdfadc97b90 rank 3 nranks 64 cudaDev 3 nvmlDev 3 busId 6a000 commId 0xb1c1be50d9e68605 - Init START
SH-IDC1-10-140-24-26:230408:261263 [2] NCCL INFO ncclCommInitRank comm 0x7f9bd69dbc80 rank 2 nranks 64 cudaDev 2 nvmlDev 2 busId 65000 commId 0xb1c1be50d9e68605 - Init START
SH-IDC1-10-140-24-26:230407:261262 [1] NCCL INFO ncclCommInitRank comm 0x7fa172924c40 rank 1 nranks 64 cudaDev 1 nvmlDev 1 busId 2c000 commId 0xb1c1be50d9e68605 - Init START
SH-IDC1-10-140-24-26:230405:261258 [0] NCCL INFO ncclCommInitRank comm 0x7fc3cd4702b0 rank 0 nranks 64 cudaDev 0 nvmlDev 0 busId 26000 commId 0xb1c1be50d9e68605 - Init START
SH-IDC1-10-140-24-26:230408:261263 [2] NCCL INFO Setting affinity for GPU 2 to ffffffff,ffffffff,00000000,00000000,ffffffff,ffffffff
SH-IDC1-10-140-24-26:230408:261263 [2] NCCL INFO NVLS multicast support is not available on dev 2
SH-IDC1-10-140-24-26:230407:261262 [1] NCCL INFO Setting affinity for GPU 1 to ffffffff,ffffffff,00000000,00000000,ffffffff,ffffffff
SH-IDC1-10-140-24-26:230407:261262 [1] NCCL INFO NVLS multicast support is not available on dev 1
SH-IDC1-10-140-24-26:230409:261265 [3] NCCL INFO Setting affinity for GPU 3 to ffffffff,ffffffff,00000000,00000000,ffffffff,ffffffff
SH-IDC1-10-140-24-26:230409:261265 [3] NCCL INFO NVLS multicast support is not available on dev 3
SH-IDC1-10-140-24-26:230413:261264 [7] NCCL INFO Setting affinity for GPU 7 to ffffffff,ffffffff,00000000,00000000,ffffffff,ffffffff,00000000,00000000
SH-IDC1-10-140-24-26:230413:261264 [7] NCCL INFO NVLS multicast support is not available on dev 7
SH-IDC1-10-140-24-26:230412:261259 [6] NCCL INFO Setting affinity for GPU 6 to ffffffff,ffffffff,00000000,00000000,ffffffff,ffffffff,00000000,00000000
SH-IDC1-10-140-24-26:230412:261259 [6] NCCL INFO NVLS multicast support is not available on dev 6
SH-IDC1-10-140-24-26:230410:261261 [4] NCCL INFO Setting affinity for GPU 4 to ffffffff,ffffffff,00000000,00000000,ffffffff,ffffffff,00000000,00000000
SH-IDC1-10-140-24-26:230410:261261 [4] NCCL INFO NVLS multicast support is not available on dev 4
SH-IDC1-10-140-24-26:230405:261258 [0] NCCL INFO Setting affinity for GPU 0 to ffffffff,ffffffff,00000000,00000000,ffffffff,ffffffff
SH-IDC1-10-140-24-26:230405:261258 [0] NCCL INFO NVLS multicast support is not available on dev 0
SH-IDC1-10-140-24-26:230411:261260 [5] NCCL INFO Setting affinity for GPU 5 to ffffffff,ffffffff,00000000,00000000,ffffffff,ffffffff,00000000,00000000
SH-IDC1-10-140-24-26:230411:261260 [5] NCCL INFO NVLS multicast support is not available on dev 5
SH-IDC1-10-140-24-26:230405:261258 [0] NCCL INFO comm 0x7fc3cd4702b0 rank 0 nRanks 64 nNodes 8 localRanks 8 localRank 0 MNNVL 0
SH-IDC1-10-140-24-26:230411:261260 [5] NCCL INFO comm 0x7f9a2e3abdf0 rank 5 nRanks 64 nNodes 8 localRanks 8 localRank 5 MNNVL 0
SH-IDC1-10-140-24-26:230407:261262 [1] NCCL INFO comm 0x7fa172924c40 rank 1 nRanks 64 nNodes 8 localRanks 8 localRank 1 MNNVL 0
SH-IDC1-10-140-24-26:230408:261263 [2] NCCL INFO comm 0x7f9bd69dbc80 rank 2 nRanks 64 nNodes 8 localRanks 8 localRank 2 MNNVL 0
SH-IDC1-10-140-24-26:230410:261261 [4] NCCL INFO comm 0x7f7041bc0f30 rank 4 nRanks 64 nNodes 8 localRanks 8 localRank 4 MNNVL 0
SH-IDC1-10-140-24-26:230409:261265 [3] NCCL INFO comm 0x7fdfadc97b90 rank 3 nRanks 64 nNodes 8 localRanks 8 localRank 3 MNNVL 0
SH-IDC1-10-140-24-26:230412:261259 [6] NCCL INFO comm 0x7f17a42a2b90 rank 6 nRanks 64 nNodes 8 localRanks 8 localRank 6 MNNVL 0
SH-IDC1-10-140-24-26:230405:261258 [0] NCCL INFO Channel 00/02 :    0   7   6   5   4   3   2   1   8  15  14  13  12  11  10   9  16  23  22  21
SH-IDC1-10-140-24-26:230408:261263 [2] NCCL INFO Trees [0] 3/-1/-1->2->1 [1] 3/-1/-1->2->1
SH-IDC1-10-140-24-26:230407:261262 [1] NCCL INFO Trees [0] 2/-1/-1->1->0 [1] 2/-1/-1->1->0
SH-IDC1-10-140-24-26:230408:261263 [2] NCCL INFO P2P Chunksize set to 131072
SH-IDC1-10-140-24-26:230407:261262 [1] NCCL INFO P2P Chunksize set to 131072
SH-IDC1-10-140-24-26:230405:261258 [0] NCCL INFO Channel 01/02 :    0   7   6   5   4   3   2   1   8  15  14  13  12  11  10   9  16  23  22  21
SH-IDC1-10-140-24-26:230411:261260 [5] NCCL INFO Trees [0] 6/-1/-1->5->4 [1] 6/-1/-1->5->4
SH-IDC1-10-140-24-26:230405:261258 [0] NCCL INFO Trees [0] 1/32/-1->0->-1 [1] 1/-1/-1->0->8
SH-IDC1-10-140-24-26:230411:261260 [5] NCCL INFO P2P Chunksize set to 131072
SH-IDC1-10-140-24-26:230405:261258 [0] NCCL INFO P2P Chunksize set to 131072
SH-IDC1-10-140-24-26:230409:261265 [3] NCCL INFO Trees [0] 4/-1/-1->3->2 [1] 4/-1/-1->3->2
SH-IDC1-10-140-24-26:230410:261261 [4] NCCL INFO Trees [0] 5/-1/-1->4->3 [1] 5/-1/-1->4->3
SH-IDC1-10-140-24-26:230409:261265 [3] NCCL INFO P2P Chunksize set to 131072
SH-IDC1-10-140-24-26:230410:261261 [4] NCCL INFO P2P Chunksize set to 131072
SH-IDC1-10-140-24-26:230412:261259 [6] NCCL INFO Trees [0] 7/-1/-1->6->5 [1] 7/-1/-1->6->5
SH-IDC1-10-140-24-26:230412:261259 [6] NCCL INFO P2P Chunksize set to 131072
SH-IDC1-10-140-24-26:230413:261264 [7] NCCL INFO comm 0x7f932a870a90 rank 7 nRanks 64 nNodes 8 localRanks 8 localRank 7 MNNVL 0
SH-IDC1-10-140-24-26:230413:261264 [7] NCCL INFO Trees [0] -1/-1/-1->7->6 [1] -1/-1/-1->7->6
SH-IDC1-10-140-24-26:230413:261264 [7] NCCL INFO P2P Chunksize set to 131072
SH-IDC1-10-140-24-26:230411:261260 [5] NCCL INFO Channel 00/0 : 5[5] -> 4[4] via P2P/CUMEM/read
SH-IDC1-10-140-24-26:230412:261259 [6] NCCL INFO Channel 00/0 : 6[6] -> 5[5] via P2P/CUMEM/read
SH-IDC1-10-140-24-26:230411:261260 [5] NCCL INFO Channel 01/0 : 5[5] -> 4[4] via P2P/CUMEM/read
SH-IDC1-10-140-24-26:230412:261259 [6] NCCL INFO Channel 01/0 : 6[6] -> 5[5] via P2P/CUMEM/read
SH-IDC1-10-140-24-26:230407:261262 [1] NCCL INFO Channel 00/0 : 1[1] -> 8[0] [send] via NET/IB/0/GDRDMA
SH-IDC1-10-140-24-26:230407:261262 [1] NCCL INFO Channel 01/0 : 1[1] -> 8[0] [send] via NET/IB/0/GDRDMA
SH-IDC1-10-140-24-26:230405:261258 [0] NCCL INFO Channel 00/0 : 57[1] -> 0[0] [receive] via NET/IB/0/GDRDMA
SH-IDC1-10-140-24-26:230405:261258 [0] NCCL INFO Channel 01/0 : 57[1] -> 0[0] [receive] via NET/IB/0/GDRDMA
SH-IDC1-10-140-24-26:230405:261258 [0] NCCL INFO Channel 00/0 : 0[0] -> 7[7] via P2P/CUMEM/read
SH-IDC1-10-140-24-26:230405:261258 [0] NCCL INFO Channel 01/0 : 0[0] -> 7[7] via P2P/CUMEM/read
SH-IDC1-10-140-24-26:230413:261264 [7] NCCL INFO Channel 00/0 : 7[7] -> 6[6] via P2P/CUMEM/read
SH-IDC1-10-140-24-26:230413:261264 [7] NCCL INFO Channel 01/0 : 7[7] -> 6[6] via P2P/CUMEM/read
SH-IDC1-10-140-24-26:230408:261263 [2] NCCL INFO Channel 00/0 : 2[2] -> 1[1] via P2P/CUMEM/read
SH-IDC1-10-140-24-26:230408:261263 [2] NCCL INFO Channel 01/0 : 2[2] -> 1[1] via P2P/CUMEM/read
SH-IDC1-10-140-24-26:230410:261261 [4] NCCL INFO Channel 00/0 : 4[4] -> 3[3] via P2P/CUMEM/read
SH-IDC1-10-140-24-26:230410:261261 [4] NCCL INFO Channel 01/0 : 4[4] -> 3[3] via P2P/CUMEM/read
SH-IDC1-10-140-24-26:230409:261265 [3] NCCL INFO Channel 00/0 : 3[3] -> 2[2] via P2P/CUMEM/read
SH-IDC1-10-140-24-26:230409:261265 [3] NCCL INFO Channel 01/0 : 3[3] -> 2[2] via P2P/CUMEM/read
SH-IDC1-10-140-24-26:230407:261262 [1] NCCL INFO Connected all rings
SH-IDC1-10-140-24-26:230407:261262 [1] NCCL INFO Channel 00/0 : 1[1] -> 2[2] via P2P/CUMEM/read
SH-IDC1-10-140-24-26:230407:261262 [1] NCCL INFO Channel 01/0 : 1[1] -> 2[2] via P2P/CUMEM/read
SH-IDC1-10-140-24-26:230405:261258 [0] NCCL INFO Connected all rings
SH-IDC1-10-140-24-26:230405:261258 [0] NCCL INFO Channel 00/0 : 0[0] -> 1[1] via P2P/CUMEM/read
SH-IDC1-10-140-24-26:230413:261264 [7] NCCL INFO Connected all rings
SH-IDC1-10-140-24-26:230405:261258 [0] NCCL INFO Channel 01/0 : 0[0] -> 1[1] via P2P/CUMEM/read
SH-IDC1-10-140-24-26:230408:261263 [2] NCCL INFO Connected all rings
SH-IDC1-10-140-24-26:230412:261259 [6] NCCL INFO Connected all rings
SH-IDC1-10-140-24-26:230405:261258 [0] NCCL INFO Channel 01/0 : 0[0] -> 8[0] [send] via NET/IB/0/GDRDMA
SH-IDC1-10-140-24-26:230409:261265 [3] NCCL INFO Connected all rings
SH-IDC1-10-140-24-26:230411:261260 [5] NCCL INFO Connected all rings
SH-IDC1-10-140-24-26:230410:261261 [4] NCCL INFO Connected all rings
SH-IDC1-10-140-24-26:230408:261263 [2] NCCL INFO Channel 00/0 : 2[2] -> 3[3] via P2P/CUMEM/read
SH-IDC1-10-140-24-26:230412:261259 [6] NCCL INFO Channel 00/0 : 6[6] -> 7[7] via P2P/CUMEM/read
SH-IDC1-10-140-24-26:230408:261263 [2] NCCL INFO Channel 01/0 : 2[2] -> 3[3] via P2P/CUMEM/read
SH-IDC1-10-140-24-26:230409:261265 [3] NCCL INFO Channel 00/0 : 3[3] -> 4[4] via P2P/CUMEM/read
SH-IDC1-10-140-24-26:230412:261259 [6] NCCL INFO Channel 01/0 : 6[6] -> 7[7] via P2P/CUMEM/read
SH-IDC1-10-140-24-26:230411:261260 [5] NCCL INFO Channel 00/0 : 5[5] -> 6[6] via P2P/CUMEM/read
SH-IDC1-10-140-24-26:230410:261261 [4] NCCL INFO Channel 00/0 : 4[4] -> 5[5] via P2P/CUMEM/read
SH-IDC1-10-140-24-26:230407:261262 [1] NCCL INFO Channel 00/0 : 1[1] -> 0[0] via P2P/CUMEM/read
SH-IDC1-10-140-24-26:230411:261260 [5] NCCL INFO Channel 01/0 : 5[5] -> 6[6] via P2P/CUMEM/read
SH-IDC1-10-140-24-26:230410:261261 [4] NCCL INFO Channel 01/0 : 4[4] -> 5[5] via P2P/CUMEM/read
SH-IDC1-10-140-24-26:230407:261262 [1] NCCL INFO Channel 01/0 : 1[1] -> 0[0] via P2P/CUMEM/read
SH-IDC1-10-140-24-26:230413:261264 [7] NCCL INFO Connected all trees
SH-IDC1-10-140-24-26:230413:261264 [7] NCCL INFO threadThresholds 8/8/64 | 512/8/64 | 512 | 512
SH-IDC1-10-140-24-26:230413:261264 [7] NCCL INFO 2 coll channels, 2 collnet channels, 0 nvls channels, 2 p2p channels, 1 p2p channels per peer
SH-IDC1-10-140-24-26:230412:261259 [6] NCCL INFO Connected all trees
SH-IDC1-10-140-24-26:230412:261259 [6] NCCL INFO threadThresholds 8/8/64 | 512/8/64 | 512 | 512
SH-IDC1-10-140-24-26:230412:261259 [6] NCCL INFO 2 coll channels, 2 collnet channels, 0 nvls channels, 2 p2p channels, 1 p2p channels per peer
SH-IDC1-10-140-24-26:230409:261265 [3] NCCL INFO Channel 01/0 : 3[3] -> 4[4] via P2P/CUMEM/read
SH-IDC1-10-140-24-26:230411:261260 [5] NCCL INFO Connected all trees
SH-IDC1-10-140-24-26:230410:261261 [4] NCCL INFO Connected all trees
SH-IDC1-10-140-24-26:230411:261260 [5] NCCL INFO threadThresholds 8/8/64 | 512/8/64 | 512 | 512
SH-IDC1-10-140-24-26:230411:261260 [5] NCCL INFO 2 coll channels, 2 collnet channels, 0 nvls channels, 2 p2p channels, 1 p2p channels per peer
SH-IDC1-10-140-24-26:230410:261261 [4] NCCL INFO threadThresholds 8/8/64 | 512/8/64 | 512 | 512
SH-IDC1-10-140-24-26:230410:261261 [4] NCCL INFO 2 coll channels, 2 collnet channels, 0 nvls channels, 2 p2p channels, 1 p2p channels per peer
SH-IDC1-10-140-24-26:230409:261265 [3] NCCL INFO Connected all trees
SH-IDC1-10-140-24-26:230409:261265 [3] NCCL INFO threadThresholds 8/8/64 | 512/8/64 | 512 | 512
SH-IDC1-10-140-24-26:230409:261265 [3] NCCL INFO 2 coll channels, 2 collnet channels, 0 nvls channels, 2 p2p channels, 1 p2p channels per peer
SH-IDC1-10-140-24-26:230405:261258 [0] NCCL INFO Channel 00/0 : 32[0] -> 0[0] [receive] via NET/IB/0/GDRDMA
SH-IDC1-10-140-24-26:230405:261258 [0] NCCL INFO Channel 00/0 : 0[0] -> 32[0] [send] via NET/IB/0/GDRDMA
SH-IDC1-10-140-24-26:230405:261258 [0] NCCL INFO Channel 01/0 : 8[0] -> 0[0] [receive] via NET/IB/0/GDRDMA
SH-IDC1-10-140-24-26:230408:261263 [2] NCCL INFO Connected all trees
SH-IDC1-10-140-24-26:230408:261263 [2] NCCL INFO threadThresholds 8/8/64 | 512/8/64 | 512 | 512
SH-IDC1-10-140-24-26:230408:261263 [2] NCCL INFO 2 coll channels, 2 collnet channels, 0 nvls channels, 2 p2p channels, 1 p2p channels per peer
Token indices sequence length is longer than the specified maximum sequence length for this model (21521 > 14000). Running this sequence through the model will result in indexing errors
SH-IDC1-10-140-24-26:230407:261262 [1] NCCL INFO Connected all trees
SH-IDC1-10-140-24-26:230405:261258 [0] NCCL INFO Connected all trees
SH-IDC1-10-140-24-26:230407:261262 [1] NCCL INFO threadThresholds 8/8/64 | 512/8/64 | 512 | 512
SH-IDC1-10-140-24-26:230407:261262 [1] NCCL INFO 2 coll channels, 2 collnet channels, 0 nvls channels, 2 p2p channels, 1 p2p channels per peer
SH-IDC1-10-140-24-26:230405:261258 [0] NCCL INFO threadThresholds 8/8/64 | 512/8/64 | 512 | 512
SH-IDC1-10-140-24-26:230405:261258 [0] NCCL INFO 2 coll channels, 2 collnet channels, 0 nvls channels, 2 p2p channels, 1 p2p channels per peer
SH-IDC1-10-140-24-26:230408:261263 [2] NCCL INFO ncclCommInitRank comm 0x7f9bd69dbc80 rank 2 nranks 64 cudaDev 2 nvmlDev 2 busId 65000 commId 0xb1c1be50d9e68605 - Init COMPLETE
SH-IDC1-10-140-24-26:230407:261262 [1] NCCL INFO ncclCommInitRank comm 0x7fa172924c40 rank 1 nranks 64 cudaDev 1 nvmlDev 1 busId 2c000 commId 0xb1c1be50d9e68605 - Init COMPLETE
SH-IDC1-10-140-24-26:230412:261259 [6] NCCL INFO ncclCommInitRank comm 0x7f17a42a2b90 rank 6 nranks 64 cudaDev 6 nvmlDev 6 busId e1000 commId 0xb1c1be50d9e68605 - Init COMPLETE
SH-IDC1-10-140-24-26:230409:261265 [3] NCCL INFO ncclCommInitRank comm 0x7fdfadc97b90 rank 3 nranks 64 cudaDev 3 nvmlDev 3 busId 6a000 commId 0xb1c1be50d9e68605 - Init COMPLETE
SH-IDC1-10-140-24-26:230411:261260 [5] NCCL INFO ncclCommInitRank comm 0x7f9a2e3abdf0 rank 5 nranks 64 cudaDev 5 nvmlDev 5 busId a8000 commId 0xb1c1be50d9e68605 - Init COMPLETE
SH-IDC1-10-140-24-26:230410:261261 [4] NCCL INFO ncclCommInitRank comm 0x7f7041bc0f30 rank 4 nranks 64 cudaDev 4 nvmlDev 4 busId a3000 commId 0xb1c1be50d9e68605 - Init COMPLETE
SH-IDC1-10-140-24-26:230405:261258 [0] NCCL INFO ncclCommInitRank comm 0x7fc3cd4702b0 rank 0 nranks 64 cudaDev 0 nvmlDev 0 busId 26000 commId 0xb1c1be50d9e68605 - Init COMPLETE
SH-IDC1-10-140-24-26:230413:261264 [7] NCCL INFO ncclCommInitRank comm 0x7f932a870a90 rank 7 nranks 64 cudaDev 7 nvmlDev 7 busId e7000 commId 0xb1c1be50d9e68605 - Init COMPLETE
                                                       {'loss': 1.5484, 'grad_norm': 5.486396312713623, 'learning_rate': 6.587615283267458e-09, 'epoch': 0.0}
  0%|          | 1/101178 [01:05<1761:56:12, 62.69s/it]Rank 0:  num_images_all:2
Rank 0:  **************** max_len: 3162 ***********************
  0%|          | 2/101178 [01:14<927:38:48, 33.01s/it]                                                       {'loss': 1.6911, 'grad_norm': 5.518625259399414, 'learning_rate': 1.3175230566534916e-08, 'epoch': 0.0}
  0%|          | 2/101178 [01:15<927:38:48, 33.01s/it]Rank 0:  num_images_all:2
Rank 0:  **************** max_len: 3438 ***********************
Token indices sequence length is longer than the specified maximum sequence length for this model (15327 > 14000). Running this sequence through the model will result in indexing errors
  0%|          | 3/101178 [01:28<672:12:37, 23.92s/it]                                                      {'loss': 1.4741, 'grad_norm': 5.2768168449401855, 'learning_rate': 1.976284584980237e-08, 'epoch': 0.0}
